// Jest Snapshot v1, https://goo.gl/fbAQLP

exports[`renders correctly 1`] = `
"<div>
  <h2>
    Gift Giver
  </h2>
  <Button className=\\"btn-add\\" onClick={[Function]} variant=\\"primary\\" active={false} disabled={false} type=\\"button\\">
    Ajouter un cadeau
  </Button>
</div>"
`;
